Note/Coin,Quantity
5c,22
10c,10
20c,7
50c,6
$1,5
$2,10
$5,4
$10,3
$20,2
$50,10
