username,cardholderName,cardNumber
adam,Charles,40691
brian,Sergio,42689
