code,name,qty-sold
1002,Pringles,60
0,Hello World,0
8,Smiths,0
