username,role
adam,SELLER
brian,CUSTOMER
charlie,OWNER
